
> institutional-trading-system@1.0.0 build
> vite build

[36mvite v8.0.8 [32mbuilding client environment for production...[36m[39m
[2Ktransforming...✓ 19 modules transformed.
rendering chunks...
computing gzip size...
dist/index.html                   0.54 kB │ gzip:  0.35 kB
dist/assets/index-BEO_veu1.css   11.26 kB │ gzip:  2.72 kB
dist/assets/index-CJwsRi3r.js   184.33 kB │ gzip: 55.97 kB

[32m✓ built in 1.32s[39m
